<?xml version="1.0" encoding="UTF-8"?><mappingRoot domainID="com.ibm.msl.mapping.xml" domainIDExtension="mb" mainMap="true" targetNamespace="default" version="7.5.0" xmlns="http://www.ibm.com/2008/ccl/Mapping" xmlns:map="default">
    <input path="/comentarios/GestionTramitesComentarios.xsd"/>
    <output path="/m2k/wmb/m2k_igtoc46_d.xsd"/>
    <generation availableEngines="xquery" engine="xquery"/>
    <mappingDeclaration name="ConsultarComentarioRequest_Igtoc46DRequest">
        <input namespace="http://www.telcel.com.mx/di/sds/servicioaclientes/gestiontramites/wmb/comentarios/schema" path="mb:msg(consultarComentariosRequest,assembly,,Properties)"/>
        <output namespace="http://www.telcel.com.mx/di/sds/m2k/activaciones/igtoc46/d" path="mb:msg(Request,assembly,XMLNSC,Properties)"/>
        <move>
            <input path="Properties"/>
            <output path="Properties"/>
        </move>
        <move>
            <input path="consultarComentariosRequest/request/usuarioM2K"/>
            <output path="Request/user"/>
        </move>
        <assign value="I*S6">
            <output path="Request/function"/>
        </assign>
        <assign value="D">
            <output path="Request/action"/>
        </assign>
        <move>
            <input path="consultarComentariosRequest/request/region"/>
            <output path="Request/region"/>
        </move>
        <move>
            <input path="consultarComentariosRequest/request/telefono"/>
            <output path="Request/inputParameters/servicio/p01telefono/text()"/>
        </move>
        <move>
            <input path="consultarComentariosRequest/request/cuenta"/>
            <output path="Request/inputParameters/servicio/p02cuenta/text()"/>
        </move>
        <move>
            <input path="consultarComentariosRequest/request/fechaInicio"/>
            <output path="Request/inputParameters/servicio/p03fechaInicio/text()"/>
        </move>
        <move>
            <input path="consultarComentariosRequest/request/fechaFin"/>
            <output path="Request/inputParameters/servicio/p04fechaFin/text()"/>
        </move>
        <assign value="10">
            <output path="Request/inputParameters/servicio/p01telefono/@longitud"/>
        </assign>
        <assign value="09">
            <output path="Request/inputParameters/servicio/p02cuenta/@longitud"/>
        </assign>
        <assign value="08">
            <output path="Request/inputParameters/servicio/p03fechaInicio/@longitud"/>
        </assign>
        <assign value="08">
            <output path="Request/inputParameters/servicio/p04fechaFin/@longitud"/>
        </assign>
        <assign value="05">
            <output path="Request/inputParameters/servicio/p05tipoComentarioPiv/@longitud"/>
        </assign>
        <assign value="07">
            <output path="Request/inputParameters/servicio/p06fechaPiv/@longitud"/>
        </assign>
        <assign value="07">
            <output path="Request/inputParameters/servicio/p07horaPiv/@longitud"/>
        </assign>
        <assign value="03">
            <output path="Request/inputParameters/servicio/p08secPiv/@longitud"/>
        </assign>
        <move>
            <input path="consultarComentariosRequest/request/referencia/sec"/>
            <output path="Request/inputParameters/servicio/p08secPiv/text()"/>
        </move>
        <move>
            <input path="consultarComentariosRequest/request/referencia/horaAudit"/>
            <output path="Request/inputParameters/servicio/p07horaPiv/text()"/>
        </move>
        <move>
            <input path="consultarComentariosRequest/request/referencia/fechaComentario"/>
            <output path="Request/inputParameters/servicio/p06fechaPiv/text()"/>
        </move>
        <move>
            <input path="consultarComentariosRequest/request/referencia/tipoComentario"/>
            <output path="Request/inputParameters/servicio/p05tipoComentarioPiv/text()"/>
        </move>
    </mappingDeclaration>
</mappingRoot>