<?xml version="1.0" encoding="UTF-8"?><mappingRoot domainID="com.ibm.msl.mapping.xml" domainIDExtension="mb" mainMap="true" targetNamespace="default" version="7.5.0" xmlns="http://www.ibm.com/2008/ccl/Mapping" xmlns:map="default">
    <input path="/m2k/wmb/m2k_igtoc46_d.xsd"/>
    <output path="/comentarios/GestionTramitesComentarios.xsd"/>
    <generation availableEngines="xquery" engine="xquery"/>
    <mappingDeclaration name="Igtoc46DResponse_ConsultarComentariosResponse">
        <input namespace="http://www.telcel.com.mx/m2k/igtoc46/d" path="mb:msg(RespuestaOK,assembly,,Properties)"/>
        <output namespace="http://www.telcel.com.mx/gestiontramites/wmb/comentarios/schema" path="mb:msg(consultarComentariosResponse,assembly,XMLNSC,Properties)"/>
        <move>
            <input path="Properties"/>
            <output path="Properties"/>
        </move>
        <join>
            <input path="RespuestaOK/TipoComentario" var="TipoComentario"/>
            <input path="RespuestaOK/FechaEfectiva" var="FechaEfectiva"/>
            <input path="RespuestaOK/CveUsuario" var="CveUsuario"/>
            <input path="RespuestaOK/Comentarios" var="Comentarios"/>
            <output path="consultarComentariosResponse/response/comentarios/comentario"/>
            <move automap="true">
                <input path="$TipoComentario/."/>
                <output path="tipoComentario"/>
            </move>
            <move automap="true">
                <input path="$FechaEfectiva/."/>
                <output path="fechaEfectiva"/>
            </move>
            <move automap="true">
                <input path="$CveUsuario/."/>
                <output path="cveUsuario"/>
            </move>
            <move automap="true">
                <input path="$Comentarios/."/>
                <output path="comentarios"/>
            </move>
        </join>
        <local>
            <input path="RespuestaOK/Referencia"/>
            <output path="consultarComentariosResponse/response/referencia"/>
            <move>
                <input path="."/>
                <output path="tipoComentario"/>
            </move>
            <move>
                <input path="."/>
                <output path="fecha"/>
            </move>
            <move>
                <input path="."/>
                <output path="hora"/>
            </move>
            <move>
                <input path="."/>
                <output path="sec"/>
            </move>
        </local>
        <join>
            <input path="RespuestaOK/Errores/Codigo" var="Codigo"/>
            <input path="RespuestaOK/Errores/Mensaje" var="Mensaje"/>
            <output path="consultarComentariosResponse/response/mensajes/mensaje"/>
            <test lang="XPath">$Codigo-index = $Mensaje-index</test>
            <move>
                <input path="$Codigo/."/>
                <output path="codigo"/>
            </move>
            <move>
                <input path="$Mensaje/."/>
                <output path="descripcion"/>
            </move>
        </join>
    </mappingDeclaration>
</mappingRoot>