<?xml version="1.0" encoding="UTF-8"?><mappingRoot domainID="com.ibm.msl.mapping.xml" domainIDExtension="mb" mainMap="true" targetNamespace="default" version="7.5.0" xmlns="http://www.ibm.com/2008/ccl/Mapping" xmlns:map="default">
    <input path="/m2k/wmb/m2k.xsd"/>
    <output path="/comun/GestionTramitesComun.xsd"/>
    <generation availableEngines="xquery" engine="xquery"/>
    <mappingDeclaration name="RespuestaErrorComentario_GestionTramitesWMBException">
        <input namespace="http://www.telcel.com.mx/m2k" path="mb:msg(RespuestaError,assembly,,Properties)"/>
        <output namespace="http://www.telcel.com.mx/gestiontramites/wmb/comun/schema" path="mb:msg(gestionTramitesWMBException,assembly,XMLNSC,Properties)"/>
        <move>
            <input path="Properties"/>
            <output path="Properties"/>
        </move>
        <move>
            <input path="RespuestaError/MENSAJE"/>
            <output path="gestionTramitesWMBException/errores/error/descripcion"/>
        </move>
        <condition>
            <if>
                <input path="RespuestaError/PROGRAMA" var="PROGRAMA1"/>
                <output path="gestionTramitesWMBException/errores/error/servicioOrigen"/>
                <test lang="XPath">$PROGRAMA1 != ''</test>
                <move>
                    <input path="$PROGRAMA1/."/>
                    <output path="."/>
                </move>
            </if>
            <else>
                <output path="gestionTramitesWMBException/errores/error/servicioOrigen"/>
                <assign value="M2K-IGTOC46-D">
                    <output path="."/>
                </assign>
            </else>
        </condition>
        <assign value="consultarComentario">
            <output path="gestionTramitesWMBException/operacion"/>
        </assign>
        <assign value="Gestion Tramite Consulta Comentario">
            <output path="gestionTramitesWMBException/servicio"/>
        </assign>
        <assign value="SISTEMA">
            <output path="gestionTramitesWMBException/errores/error/tipo"/>
        </assign>
        <assign value="00000">
            <output path="gestionTramitesWMBException/errores/error/codigo"/>
        </assign>
    </mappingDeclaration>
</mappingRoot>