<?xml version="1.0" encoding="UTF-8"?><mappingRoot domainID="com.ibm.msl.mapping.xml" domainIDExtension="mb" mainMap="true" targetNamespace="pagosYajustes" version="7.5.0" xmlns="http://www.ibm.com/2008/ccl/Mapping" xmlns:map="pagosYajustes">
    <input path="/investigacion/GestionTramitesInvestigacion.xsd"/>
    <output path="/m2k/wmb/m2k_igtoc47_c.xsd"/>
    <generation availableEngines="xquery" engine="xquery"/>
    <mappingDeclaration name="ConsultarDetalleReversionReq_Igtoc47CReq">
        <input namespace="http://www.telcel.com.mx/di/sds/servicioaclientes/gestiontramites/wmb/investigacion/schema" path="mb:msg(consultarDetalleReversionRequest,assembly,,Properties)"/>
        <output namespace="http://www.telcel.com.mx/di/sds/m2k/facturacion/igtoc47/c" path="mb:msg(Request,assembly,XMLNSC,Properties)"/>
        <move>
            <input path="Properties"/>
            <output path="Properties"/>
        </move>
        <move>
            <input path="consultarDetalleReversionRequest/request/usuarioM2K"/>
            <output path="Request/user"/>
        </move>
        <move>
            <input path="consultarDetalleReversionRequest/request/region"/>
            <output path="Request/region"/>
        </move>
        <move>
            <input path="consultarDetalleReversionRequest/request/fechaPago"/>
            <output path="Request/inputParameters/servicio/p01fechaPago/text()"/>
        </move>
        <move>
            <input path="consultarDetalleReversionRequest/request/numPago"/>
            <output path="Request/inputParameters/servicio/p02numPago/text()"/>
        </move>
        <move>
            <input path="consultarDetalleReversionRequest/request/tipoPago"/>
            <output path="Request/inputParameters/servicio/p03tipoPago/text()"/>
        </move>
        <move>
            <input path="consultarDetalleReversionRequest/request/secPago"/>
            <output path="Request/inputParameters/servicio/p04secPago/text()"/>
        </move>
        <move>
            <input path="consultarDetalleReversionRequest/request/referencia"/>
            <output path="Request/inputParameters/servicio/p05referencia/text()"/>
        </move>
        <assign value="I*S7">
            <output path="Request/function"/>
        </assign>
        <assign value="C">
            <output path="Request/action"/>
        </assign>
        <assign value="07">
            <output path="Request/inputParameters/servicio/p01fechaPago/@longitud"/>
        </assign>
        <assign value="05">
            <output path="Request/inputParameters/servicio/p02numPago/@longitud"/>
        </assign>
        <assign value="02">
            <output path="Request/inputParameters/servicio/p03tipoPago/@longitud"/>
        </assign>
        <assign value="05">
            <output path="Request/inputParameters/servicio/p04secPago/@longitud"/>
        </assign>
        <assign value="07">
            <output path="Request/inputParameters/servicio/p05referencia/@longitud"/>
        </assign>
    </mappingDeclaration>
</mappingRoot>