<?xml version="1.0" encoding="UTF-8"?><mappingRoot domainID="com.ibm.msl.mapping.xml" domainIDExtension="mb" mainMap="true" targetNamespace="consumos" version="7.5.0" xmlns="http://www.ibm.com/2008/ccl/Mapping" xmlns:map="consumos">
    <input path="/investigacion/GestionTramitesInvestigacion.xsd"/>
    <output path="/m2k/wmb/m2k_igtoc43_c.xsd"/>
    <generation availableEngines="xquery" engine="xquery"/>
    <mappingDeclaration name="ConsultarDetalleConexionesReq_Igtoc43CReq">
        <input namespace="http://www.telcel.com.mx/di/sds/servicioaclientes/gestiontramites/wmb/investigacion/schema" path="mb:msg(consultarDetalleConexionesRequest,assembly,,Properties)"/>
        <output namespace="http://www.telcel.com.mx/di/sds/m2k/tasacion/igtoc43/c" path="mb:msg(Request,assembly,XMLNSC,Properties)"/>
        <move>
            <input path="Properties"/>
            <output path="Properties"/>
        </move>
        <move>
            <input path="consultarDetalleConexionesRequest/request/usuarioM2K"/>
            <output path="Request/user"/>
        </move>
        <move>
            <input path="consultarDetalleConexionesRequest/request/region"/>
            <output path="Request/region"/>
        </move>
        <move>
            <input path="consultarDetalleConexionesRequest/request/telefono"/>
            <output path="Request/inputParameters/servicio/p01telefono/text()"/>
        </move>
        <move>
            <input path="consultarDetalleConexionesRequest/request/cuenta"/>
            <output path="Request/inputParameters/servicio/p02cuenta/text()"/>
        </move>
        <move>
            <input path="consultarDetalleConexionesRequest/request/fechaConexion"/>
            <output path="Request/inputParameters/servicio/p03fechaConexion/text()"/>
        </move>
        <move>
            <input path="consultarDetalleConexionesRequest/request/horaConexion"/>
            <output path="Request/inputParameters/servicio/p04horaConexion/text()"/>
        </move>
        <move>
            <input path="consultarDetalleConexionesRequest/request/referencia/dtConnect"/>
            <output path="Request/inputParameters/servicio/p05refDtConnect/text()"/>
        </move>
        <move>
            <input path="consultarDetalleConexionesRequest/request/referencia/tmConnect"/>
            <output path="Request/inputParameters/servicio/p06refTmConnect/text()"/>
        </move>
        <move>
            <input path="consultarDetalleConexionesRequest/request/referencia/chargingId"/>
            <output path="Request/inputParameters/servicio/p07ChargingId/text()"/>
        </move>
        <move>
            <input path="consultarDetalleConexionesRequest/request/referencia/dataVolUp"/>
            <output path="Request/inputParameters/servicio/p08refDataVolUp/text()"/>
        </move>
        <move>
            <input path="consultarDetalleConexionesRequest/request/referencia/dataVolDown"/>
            <output path="Request/inputParameters/servicio/p09refDataVolDown/text()"/>
        </move>
        <move>
            <input path="consultarDetalleConexionesRequest/request/referencia/serviceClass"/>
            <output path="Request/inputParameters/servicio/p10refServiceClass/text()"/>
        </move>
        <assign value="I*S3">
            <output path="Request/function"/>
        </assign>
        <assign value="C">
            <output path="Request/action"/>
        </assign>
        <assign value="10">
            <output path="Request/inputParameters/servicio/p01telefono/@longitud"/>
        </assign>
        <assign value="09">
            <output path="Request/inputParameters/servicio/p02cuenta/@longitud"/>
        </assign>
        <assign value="08">
            <output path="Request/inputParameters/servicio/p03fechaConexion/@longitud"/>
        </assign>
        <assign value="08">
            <output path="Request/inputParameters/servicio/p04horaConexion/@longitud"/>
        </assign>
        <assign value="07">
            <output path="Request/inputParameters/servicio/p05refDtConnect/@longitud"/>
        </assign>
        <assign value="06">
            <output path="Request/inputParameters/servicio/p06refTmConnect/@longitud"/>
        </assign>
        <assign value="10">
            <output path="Request/inputParameters/servicio/p07ChargingId/@longitud"/>
        </assign>
        <assign value="12">
            <output path="Request/inputParameters/servicio/p08refDataVolUp/@longitud"/>
        </assign>
        <assign value="12">
            <output path="Request/inputParameters/servicio/p09refDataVolDown/@longitud"/>
        </assign>
        <assign value="04">
            <output path="Request/inputParameters/servicio/p10refServiceClass/@longitud"/>
        </assign>
    </mappingDeclaration>
</mappingRoot>