<?xml version="1.0" encoding="UTF-8"?><mappingRoot domainID="com.ibm.msl.mapping.xml" domainIDExtension="mb" mainMap="true" targetNamespace="planesYservicios" version="7.5.0" xmlns="http://www.ibm.com/2008/ccl/Mapping" xmlns:map="planesYservicios">
    <input path="/investigacion/GestionTramitesInvestigacion.xsd"/>
    <output path="/m2k/wmb/m2k_igtoc50_c.xsd"/>
    <generation availableEngines="xquery" engine="xquery"/>
    <mappingDeclaration name="ConsultarDetalleProductoReq_Igtoc50CReq">
        <input namespace="http://www.telcel.com.mx/di/sds/servicioaclientes/gestiontramites/wmb/investigacion/schema" path="mb:msg(consultarDetalleProductoRequest,assembly,,LocalEnvironment,Properties)"/>
        <output namespace="http://www.telcel.com.mx/di/sds/m2k/activaciones/igtoc50/c" path="mb:msg(Request,assembly,XMLNSC,LocalEnvironment,Properties)"/>
        <move>
            <input path="Properties"/>
            <output path="Properties"/>
        </move>
        <move>
            <input path="consultarDetalleProductoRequest/request/usuarioM2K"/>
            <output path="Request/user"/>
        </move>
        <move>
            <input path="consultarDetalleProductoRequest/request/region"/>
            <output path="Request/region"/>
        </move>
        <move>
            <input path="consultarDetalleProductoRequest/request/producto"/>
            <output path="Request/inputParameters/servicio/p01producto/text()"/>
        </move>
        <move>
            <input path="consultarDetalleProductoRequest/request/planTarifario"/>
            <output path="Request/inputParameters/servicio/p02planTarifario/text()"/>
        </move>
        <assign value="05">
            <output path="Request/inputParameters/servicio/p01producto/@longitud"/>
        </assign>
        <assign value="05">
            <output path="Request/inputParameters/servicio/p02planTarifario/@longitud"/>
        </assign>
        <assign value="I*SA">
            <output path="Request/function"/>
        </assign>
        <assign value="C">
            <output path="Request/action"/>
        </assign>
        <move>
            <input path="LocalEnvironment"/>
            <output path="LocalEnvironment"/>
        </move>
    </mappingDeclaration>
</mappingRoot>