<?xml version="1.0" encoding="UTF-8"?><mappingRoot domainID="com.ibm.msl.mapping.xml" domainIDExtension="mb" mainMap="true" targetNamespace="planesYservicios" version="7.5.0" xmlns="http://www.ibm.com/2008/ccl/Mapping" xmlns:map="planesYservicios">
    <input path="/investigacion/GestionTramitesInvestigacion.xsd"/>
    <output path="/m2k/wmb/m2k_igtoc51_c.xsd"/>
    <generation availableEngines="xquery" engine="xquery"/>
    <mappingDeclaration name="ConsultarDetalleProductoReq_Igtoc51CReq">
        <input namespace="http://www.telcel.com.mx/di/sds/servicioaclientes/gestiontramites/wmb/investigacion/schema" path="mb:msg(consultarDetalleProductoRequest,assembly,,LocalEnvironment,Properties)"/>
        <output namespace="http://www.telcel.com.mx/di/sds/m2k/activaciones/igtoc51/c" path="mb:msg(Request,assembly,XMLNSC,LocalEnvironment,Properties)"/>
        <move>
            <input path="Properties"/>
            <output path="Properties"/>
        </move>
        <move>
            <input path="consultarDetalleProductoRequest/request/usuarioM2K"/>
            <output path="Request/user"/>
        </move>
        <move>
            <input path="consultarDetalleProductoRequest/request/region"/>
            <output path="Request/region"/>
        </move>
        <assign value="I*SB">
            <output path="Request/function"/>
        </assign>
        <assign value="C">
            <output path="Request/action"/>
        </assign>
        <move>
            <input path="consultarDetalleProductoRequest/request/telefono"/>
            <output path="Request/inputParameters/servicio/p01telefono/text()"/>
        </move>
        <move>
            <input path="consultarDetalleProductoRequest/request/cuenta"/>
            <output path="Request/inputParameters/servicio/p02cuenta/text()"/>
        </move>
        <move>
            <input path="consultarDetalleProductoRequest/request/fechaInicio"/>
            <output path="Request/inputParameters/servicio/p03fechaInicio/text()"/>
        </move>
        <move>
            <input path="consultarDetalleProductoRequest/request/fechaFin"/>
            <output path="Request/inputParameters/servicio/p04fechaFin/text()"/>
        </move>
        <move>
            <input path="consultarDetalleProductoRequest/request/referencia/effDate"/>
            <output path="Request/inputParameters/servicio/p09refEffDt/text()"/>
        </move>
        <move>
            <input path="consultarDetalleProductoRequest/request/referencia/telefono"/>
            <output path="Request/inputParameters/servicio/p08refTelefono/text()"/>
        </move>
        <assign value="10">
            <output path="Request/inputParameters/servicio/p07idGrupo/@longitud"/>
        </assign>
        <move>
            <input path="consultarDetalleProductoRequest/request/referencia/idGrupo"/>
            <output path="Request/inputParameters/servicio/p07idGrupo/text()"/>
        </move>
        <move>
            <input path="consultarDetalleProductoRequest/request/producto"/>
            <output path="Request/inputParameters/servicio/p05producto/text()"/>
        </move>
        <move>
            <input path="consultarDetalleProductoRequest/request/referencia/tipoGrupo"/>
            <output path="Request/inputParameters/servicio/p06tipoGrupo/text()"/>
        </move>
        <assign value="07">
            <output path="Request/inputParameters/servicio/p09refEffDt/@longitud"/>
        </assign>
        <assign value="10">
            <output path="Request/inputParameters/servicio/p08refTelefono/@longitud"/>
        </assign>
        <assign value="02">
            <output path="Request/inputParameters/servicio/p06tipoGrupo/@longitud"/>
        </assign>
        <assign value="05">
            <output path="Request/inputParameters/servicio/p05producto/@longitud"/>
        </assign>
        <assign value="08">
            <output path="Request/inputParameters/servicio/p04fechaFin/@longitud"/>
        </assign>
        <assign value="08">
            <output path="Request/inputParameters/servicio/p03fechaInicio/@longitud"/>
        </assign>
        <assign value="09">
            <output path="Request/inputParameters/servicio/p02cuenta/@longitud"/>
        </assign>
        <assign value="10">
            <output path="Request/inputParameters/servicio/p01telefono/@longitud"/>
        </assign>
        <move>
            <input path="LocalEnvironment"/>
            <output path="LocalEnvironment"/>
        </move>
    </mappingDeclaration>
</mappingRoot>