<?xml version="1.0" encoding="UTF-8"?><mappingRoot domainID="com.ibm.msl.mapping.xml" domainIDExtension="mb" mainMap="true" targetNamespace="planesYservicios" version="7.5.0" xmlns="http://www.ibm.com/2008/ccl/Mapping" xmlns:map="planesYservicios">
    <input path="/investigacion/GestionTramitesInvestigacion.xsd"/>
    <output path="/m2k/wmb/m2k_igtoc41_d.xsd"/>
    <generation availableEngines="xquery" engine="xquery"/>
    <mappingDeclaration name="ConsultarDetallePlanTarifarioReq_Igtoc41DReq">
        <input namespace="http://www.telcel.com.mx/di/sds/servicioaclientes/gestiontramites/wmb/investigacion/schema" path="mb:msg(consultarDetallePlanTarifarioRequest,assembly,,Properties)"/>
        <output namespace="http://www.telcel.com.mx/di/sds/m2k/activaciones/igtoc41/d" path="mb:msg(Request,assembly,XMLNSC,Properties)"/>
        <move>
            <input path="Properties"/>
            <output path="Properties"/>
        </move>
        <move>
            <input path="consultarDetallePlanTarifarioRequest/request/referencia"/>
            <output path="Request/inputParameters/servicio/p08idProducto/text()"/>
        </move>
        <move>
            <input path="consultarDetallePlanTarifarioRequest/request/planTarifario"/>
            <output path="Request/inputParameters/servicio/p07planTarifario/text()"/>
        </move>
        <assign value="05">
            <output path="Request/inputParameters/servicio/p07planTarifario/@longitud"/>
        </assign>
        <assign value="05">
            <output path="Request/inputParameters/servicio/p08idProducto/@longitud"/>
        </assign>
        <move>
            <input path="consultarDetallePlanTarifarioRequest/request/region"/>
            <output path="Request/region"/>
        </move>
        <move>
            <input path="consultarDetallePlanTarifarioRequest/request/usuarioM2K"/>
            <output path="Request/user"/>
        </move>
        <assign value="I*S1">
            <output path="Request/function"/>
        </assign>
        <assign value="D">
            <output path="Request/action"/>
        </assign>
    </mappingDeclaration>
</mappingRoot>