<?xml version="1.0" encoding="UTF-8"?><mappingRoot domainID="com.ibm.msl.mapping.xml" domainIDExtension="mb" mainMap="true" targetNamespace="default" version="7.5.0" xmlns="http://www.ibm.com/2008/ccl/Mapping" xmlns:map="default">
    <input path="/infoCliente/GestionTramitesInfoCliente.xsd"/>
    <output path="/siantel/wmb/siantel.xsd" var="out"/>
    <output path="/variables.xsd" var="out1"/>
    <generation availableEngines="xquery" engine="xquery"/>
    <mappingDeclaration name="ConsultarDatosClienteRequest_SiantelRequest">
        <input namespace="http://www.telcel.com.mx/gestiontramites/wmb/infoCliente/schema" path="mb:msg(consultarDatosClienteRequest,assembly,,LocalEnvironment,Properties)"/>
        <output namespace="http://www.telcel.com.mx/siantel" path="$out/mb:msg(SolicitudPerfilTelefono,assembly,XMLNSC,LocalEnvironment,Properties)" var="MessageAssembly">
            <cast path="$MessageAssembly/LocalEnvironment/Variables/any" qualifier="usuarioM2K" var="any"/>
        </output>
        <move>
            <input path="Properties"/>
            <output path="$MessageAssembly/Properties"/>
        </move>
        <move>
            <input path="consultarDatosClienteRequest/request/sistemaSiantel"/>
            <output path="$MessageAssembly/SolicitudPerfilTelefono/Sistema"/>
        </move>
        <move>
            <input path="consultarDatosClienteRequest/request/regionCAC"/>
            <output path="$MessageAssembly/SolicitudPerfilTelefono/RegionSolicitud"/>
        </move>
        <move>
            <input path="consultarDatosClienteRequest/request/telefono"/>
            <output path="$MessageAssembly/SolicitudPerfilTelefono/Telefono"/>
        </move>
        <move>
            <input path="LocalEnvironment"/>
            <output path="$MessageAssembly/LocalEnvironment"/>
            <override>
                <move>
                    <input path="consultarDatosClienteRequest/request/usuarioM2K"/>
                    <output path="$MessageAssembly/LocalEnvironment/Variables/usuarioM2K"/>
                </move>
            </override>
        </move>
    </mappingDeclaration>
</mappingRoot>