<?xml version="1.0" encoding="UTF-8"?><mappingRoot domainID="com.ibm.msl.mapping.xml" domainIDExtension="mb" mainMap="true" targetNamespace="default" version="7.5.0" xmlns="http://www.ibm.com/2008/ccl/Mapping" xmlns:map="default">
    <input path="/infoCliente/GestionTramitesInfoCliente.xsd"/>
    <output path="/m2kSchema.xsd"/>
    <generation availableEngines="xquery" engine="xquery"/>
    <mappingDeclaration name="ConsultarDatosClienteFlow_SUMIQCRequest">
        <input namespace="http://www.telcel.com.mx/gestiontramites/wmb/infoCliente/schema" path="mb:msg(consultarDatosClienteRequest,assembly,,Properties)"/>
        <output path="mb:msg(Request,assembly,XMLNSC,Properties)"/>
        <move>
            <input path="Properties"/>
            <output path="Properties"/>
        </move>
        <move>
            <input path="consultarDatosClienteRequest/request/telefono"/>
            <output path="Request/inputParameters/servicio/p01telefono/text()"/>
        </move>
        <assign value="I*7E">
            <output path="Request/function"/>
        </assign>
        <assign value="C">
            <output path="Request/action"/>
        </assign>
        <move>
            <input path="consultarDatosClienteRequest/request/usuarioM2K"/>
            <output path="Request/user"/>
        </move>
    </mappingDeclaration>
</mappingRoot>