<?xml version="1.0" encoding="UTF-8"?><mappingRoot domainID="com.ibm.msl.mapping.xml" domainIDExtension="mb" mainMap="true" targetNamespace="default" version="7.5.0" xmlns="http://www.ibm.com/2008/ccl/Mapping" xmlns:map="default">
    <input path="/siantel/wmb/siantel.xsd"/>
    <output path="/m2k/wmb/m2k_sumiq_c.xsd" var="out"/>
    <output path="/variables.xsd" var="out1"/>
    <generation availableEngines="xquery" engine="xquery"/>
    <mappingDeclaration name="PerfilTelefono_SumiqCRequest">
        <input namespace="http://www.telcel.com.mx/di/sds/siantel/sistemasadministrativos/siantel" path="mb:msg(PerfilTelefono,assembly,,LocalEnvironment,Properties)">
            <cast path="LocalEnvironment/Variables/any" qualifier="usuarioM2K" var="any"/>
            <cast path="LocalEnvironment/Variables/any" qualifier="usuarioM2K" var="any1"/>
        </input>
        <output namespace="http://www.telcel.com.mx/di/sds/m2k/facturacion/sumiq/c" path="$out/mb:msg(Request,assembly,XMLNSC,LocalEnvironment,Properties)" var="MessageAssembly">
            <cast path="$MessageAssembly/LocalEnvironment/Variables/any" qualifier="region" var="any2"/>
            <cast path="$MessageAssembly/LocalEnvironment/Variables/any" qualifier="plataforma" var="any3"/>
        </output>
        <output path="$out1/mb:msg(usuarioM2K,assembly,XMLNSC,Properties)" var="MessageAssembly1"/>
        <move>
            <input path="Properties"/>
            <output path="$MessageAssembly/Properties"/>
        </move>
        <move>
            <input path="PerfilTelefono/Region"/>
            <output path="$MessageAssembly/Request/region"/>
        </move>
        <assign value="I*7E">
            <output path="$MessageAssembly/Request/function"/>
        </assign>
        <assign value="C">
            <output path="$MessageAssembly/Request/action"/>
        </assign>
        <move>
            <input path="PerfilTelefono/Telefono"/>
            <output path="$MessageAssembly/Request/inputParameters/servicio/p01telefono/text()"/>
        </move>
        <assign value="09">
            <output path="$MessageAssembly/Request/inputParameters/servicio/p02cuenta/@longitud"/>
        </assign>
        <assign value="10">
            <output path="$MessageAssembly/Request/inputParameters/servicio/p01telefono/@longitud"/>
        </assign>
        <move>
            <input path="LocalEnvironment"/>
            <output path="$MessageAssembly/LocalEnvironment"/>
            <override>
                <move>
                    <input path="PerfilTelefono/Region"/>
                    <output path="$MessageAssembly/LocalEnvironment/Variables/region"/>
                </move>
                <move>
                    <input path="PerfilTelefono/Plataforma"/>
                    <output path="$MessageAssembly/LocalEnvironment/Variables/plataforma"/>
                </move>
            </override>
        </move>
        <move>
            <input path="LocalEnvironment/Variables/usuarioM2K"/>
            <output path="$MessageAssembly/Request/user"/>
        </move>
    </mappingDeclaration>
</mappingRoot>