<?xml version="1.0" encoding="UTF-8"?><mappingRoot domainID="com.ibm.msl.mapping.xml" domainIDExtension="mb" mainMap="true" targetNamespace="default" version="7.5.0" xmlns="http://www.ibm.com/2008/ccl/Mapping" xmlns:map="default">
    <input path="/siantel.xsd"/>
    <output path="/m2k_sumiq_c.xsd" var="out"/>
    <output path="/variables.xsd" var="out1"/>
    <generation availableEngines="xquery" engine="xquery"/>
    <mappingDeclaration name="SiantelResponse_SUMIQ_CRequest">
        <input namespace="http://www.telcel.com.mx/siantel" path="mb:msg(PerfilTelefono,assembly,XMLNSC,LocalEnvironment,Properties)">
            <cast path="LocalEnvironment/Variables/any" qualifier="telefono" var="any"/>
            <cast path="LocalEnvironment/Variables/any" qualifier="usuarioM2K" var="any1"/>
        </input>
        <output namespace="http://www.telcel.com.mx/m2k/sumiq/c" path="$out/mb:msg(Request,assembly,XMLNSC,LocalEnvironment,Properties)" var="MessageAssembly"/>
        <output path="$out1/mb:msg(telefono,assembly,XMLNSC,Properties)" var="MessageAssembly1"/>
        <move>
            <input path="Properties"/>
            <output path="$MessageAssembly/Properties"/>
        </move>
        <move>
            <input path="Properties"/>
            <output path="$MessageAssembly1/Properties"/>
        </move>
        <move>
            <input path="LocalEnvironment"/>
            <output path="$MessageAssembly/LocalEnvironment"/>
        </move>
        <move>
            <input path="LocalEnvironment/Variables/usuarioM2K"/>
            <output path="$MessageAssembly/Request/user"/>
        </move>
        <move>
            <input path="LocalEnvironment/Variables/telefono"/>
            <output path="$MessageAssembly/Request/inputParameters/servicio/p01telefono/text()"/>
        </move>
        <assign>
            <output path="$MessageAssembly/Request/inputParameters/servicio/p02cuenta/text()"/>
        </assign>
        <assign value="9">
            <output path="$MessageAssembly/Request/inputParameters/servicio/p02cuenta/@longitud"/>
        </assign>
        <assign value="10">
            <output path="$MessageAssembly/Request/inputParameters/servicio/p01telefono/@longitud"/>
        </assign>
        <convert defaultValue="0">
            <input path="PerfilTelefono/Region"/>
            <output path="$MessageAssembly/Request/region"/>
        </convert>
        <assign value="C">
            <output path="$MessageAssembly/Request/action"/>
        </assign>
        <assign value="I*7E">
            <output path="$MessageAssembly/Request/function"/>
        </assign>
    </mappingDeclaration>
</mappingRoot>