<?xml version="1.0" encoding="UTF-8"?><mappingRoot domainID="com.ibm.msl.mapping.xml" domainIDExtension="mb" mainMap="false" targetNamespace="default" version="7.5.0" xmlns="http://www.ibm.com/2008/ccl/Mapping" xmlns:map="default">
    <input path="/m2k/wmb/m2k_sumiq_c.xsd"/>
    <output path="/infoCliente/GestionTramitesInfoCliente.xsd"/>
    <generation availableEngines="xquery" engine="xquery"/>
    <mappingDeclaration name="SUMIQ_CResponse_Factura_4">
        <input namespace="http://www.telcel.com.mx/di/sds/m2k/facturacion/sumiq/c" path="RespuestaOK"/>
        <output namespace="http://www.telcel.com.mx/di/sds/servicioaclientes/gestiontramites/wmb/infoCliente/schema" path="type('FacturaType')"/>
        <move>
            <input path="FechaFactura4"/>
            <output path="fechaFactura"/>
        </move>
        <move>
            <input path="ImporteFactura4"/>
            <output path="importeFactura"/>
        </move>
        <move>
            <input path="UltimaFechaFactura4"/>
            <output path="ultimaFechaFactura"/>
        </move>
        <assign value="4">
            <output path="@indice"/>
        </assign>
    </mappingDeclaration>
</mappingRoot>