<?xml version="1.0" encoding="UTF-8"?><mappingRoot domainID="com.ibm.msl.mapping.xml" domainIDExtension="mb" mainMap="true" targetNamespace="default" version="7.5.0" xmlns="http://www.ibm.com/2008/ccl/Mapping" xmlns:map="default">
    <input path="/m2k_sumiq_c.xsd"/>
    <output path="/infoCliente/GestionTramitesInfoCliente.xsd"/>
    <imports>
        <import kind="map" location="/SUMIQ_CResponse_Factura_1.map" namespace="default"/>
        <import kind="map" location="/SUMIQ_CResponse_Factura_2.map" namespace="default"/>
        <import kind="map" location="/SUMIQ_CResponse_Factura_3.map" namespace="default"/>
        <import kind="map" location="/SUMIQ_CResponse_Factura_4.map" namespace="default"/>
    </imports>
    <generation availableEngines="xquery" engine="xquery"/>
    <mappingDeclaration name="SUMIQ_CResponse_ConsultarDatosClienteResponse">
        <input namespace="http://www.telcel.com.mx/m2k/sumiq/c" path="mb:msg(RespuestaOK,assembly,XMLNSC,Properties)"/>
        <output namespace="http://www.telcel.com.mx/gestiontramites/wmb/infoCliente/schema" path="mb:msg(consultarDatosClienteResponse,assembly,XMLNSC,Properties)"/>
        <move>
            <input path="Properties" var="Properties"/>
            <output path="Properties"/>
        </move>
        <join>
            <input path="RespuestaOK/Errores/Codigo" var="Codigo"/>
            <input path="RespuestaOK/Errores/Mensaje" var="Mensaje"/>
            <output path="consultarDatosClienteResponse/response/mensajesInformativos/errorInformativo"/>
            <test lang="XPath">$Codigo-index = $Mensaje-index</test>
            <move>
                <input path="$Codigo/."/>
                <output path="codigo"/>
            </move>
            <move>
                <input path="$Mensaje/."/>
                <output path="mensaje"/>
            </move>
        </join>
        <move>
            <input path="RespuestaOK/NombreCliente"/>
            <output path="consultarDatosClienteResponse/response/nombreCliente"/>
        </move>
        <move>
            <input path="RespuestaOK/Cuenta" var="Cuenta"/>
            <output path="consultarDatosClienteResponse/response/cuenta"/>
        </move>
        <submap ref="map:SUMIQ_CResponse_Factura_1">
            <input path="RespuestaOK"/>
            <output path="consultarDatosClienteResponse/response/facturas/factura[2]"/>
        </submap>
        <submap ref="map:SUMIQ_CResponse_Factura_2">
            <input path="RespuestaOK"/>
            <output path="consultarDatosClienteResponse/response/facturas/factura[3]"/>
        </submap>
        <submap ref="map:SUMIQ_CResponse_Factura_3">
            <input path="RespuestaOK"/>
            <output path="consultarDatosClienteResponse/response/facturas/factura[4]"/>
        </submap>
        <submap ref="map:SUMIQ_CResponse_Factura_4">
            <input path="RespuestaOK"/>
            <output path="consultarDatosClienteResponse/response/facturas/factura[5]"/>
        </submap>
        <move>
            <input path="RespuestaOK/Importe"/>
            <output path="consultarDatosClienteResponse/response/importe"/>
        </move>
        <move>
            <input path="RespuestaOK/SaldoMes"/>
            <output path="consultarDatosClienteResponse/response/saldoMes"/>
        </move>
        <move>
            <input path="RespuestaOK/SaldoEstimado"/>
            <output path="consultarDatosClienteResponse/response/saldoEstimado"/>
        </move>
        <move>
            <input path="RespuestaOK/SaldoActual"/>
            <output path="consultarDatosClienteResponse/response/saldoActual"/>
        </move>
        <move>
            <input path="RespuestaOK/EstatusCuenta"/>
            <output path="consultarDatosClienteResponse/response/estatusCuenta"/>
        </move>
        <move>
            <input path="RespuestaOK/EstatusCobranza"/>
            <output path="consultarDatosClienteResponse/response/estatusCobranza"/>
        </move>
    </mappingDeclaration>
</mappingRoot>