<?xml version="1.0" encoding="UTF-8"?><mappingRoot domainID="com.ibm.msl.mapping.xml" domainIDExtension="mb" mainMap="false" targetNamespace="default" version="7.5.0" xmlns="http://www.ibm.com/2008/ccl/Mapping" xmlns:map="default">
    <input path="/m2k_sumiq_c.xsd"/>
    <output path="/infoCliente/GestionTramitesInfoCliente.xsd"/>
    <generation availableEngines="xquery" engine="xquery"/>
    <mappingDeclaration name="SUMIQ_CResponse_Factura_2">
        <input namespace="http://www.telcel.com.mx/m2k/sumiq/c" path="RespuestaOK"/>
        <output namespace="http://www.telcel.com.mx/gestiontramites/wmb/infoCliente/schema" path="type('FacturaType')"/>
        <assign value="2">
            <output path="@indice"/>
        </assign>
        <move>
            <input path="FechaFactura2"/>
            <output path="fechaFactura"/>
        </move>
        <move>
            <input path="ImporteFactura2"/>
            <output path="importeFactura"/>
        </move>
        <move>
            <input path="UltimaFechaFactura1"/>
            <output path="ultimaFechaFactura"/>
        </move>
    </mappingDeclaration>
</mappingRoot>