<?xml version="1.0" encoding="UTF-8"?><mappingRoot domainID="com.ibm.msl.mapping.xml" domainIDExtension="mb" mainMap="true" targetNamespace="consultarEncabezado" version="7.5.0" xmlns="http://www.ibm.com/2008/ccl/Mapping" xmlns:map="consultarEncabezado">
    <input path="/investigacion/GestionTramitesInvestigacion.xsd"/>
    <output path="/m2k/wmb/m2k_retus_c.xsd"/>
    <generation availableEngines="xquery" engine="xquery"/>
    <mappingDeclaration name="ConsultarEncabezadoRequest_Retus_CRequest">
        <input namespace="http://www.telcel.com.mx/gestiontramites/wmb/investigacion/schema" path="mb:msg(consultarEncabezadoRequest,assembly,,LocalEnvironment,Properties)"/>
        <output namespace="http://www.telcel.com.mx/m2k/retus/c" path="mb:msg(Request,assembly,XMLNSC,LocalEnvironment,Properties)"/>
        <move>
            <input path="Properties"/>
            <output path="Properties"/>
        </move>
        <move>
            <input path="consultarEncabezadoRequest/request/usuarioM2K"/>
            <output path="Request/user"/>
        </move>
        <move>
            <input path="consultarEncabezadoRequest/request/telefono"/>
            <output path="Request/inputParameters/servicio/p01telefono/text()"/>
        </move>
        <assign value="10">
            <output path="Request/inputParameters/servicio/p01telefono/@longitud"/>
        </assign>
        <convert defaultValue="0">
            <input path="consultarEncabezadoRequest/request/region"/>
            <output path="Request/region"/>
        </convert>
        <assign value="I*0F">
            <output path="Request/function"/>
        </assign>
        <assign value="C">
            <output path="Request/action"/>
        </assign>
        <move>
            <input path="LocalEnvironment"/>
            <output path="LocalEnvironment"/>
        </move>
    </mappingDeclaration>
</mappingRoot>