<?xml version="1.0" encoding="UTF-8"?><mappingRoot domainID="com.ibm.msl.mapping.xml" domainIDExtension="mb" mainMap="true" targetNamespace="default" version="7.5.0" xmlns="http://www.ibm.com/2008/ccl/Mapping" xmlns:map="default">
    <input path="/DeterminarAdeudo_InlineSchema17.xsd"/>
    <output path="/reglas/GestionTramitesReglas.xsd"/>
    <namespaces>
        <namespace kind="extension" prefix="fn" uri="http://www.w3.org/2005/xpath-functions"/>
    </namespaces>
    <generation availableEngines="xquery" engine="xquery"/>
    <mappingDeclaration name="DeterminarAdeudoResponseRegla_DeterminarAdeudoResponseFlow">
        <input namespace="http://www.ibm.com/rules/decisionservice/D16_GestorTramitesRuleAPP/DeterminarAdeudo" path="mb:msg(DeterminarAdeudoResponse,assembly,,Properties)"/>
        <output namespace="http://www.telcel.com.mx/di/sds/servicioaclientes/gestiontramites/wmb/reglas/schema" path="mb:msg(determinarAdeudoResponse,assembly,XMLNSC,Properties)"/>
        <move>
            <input path="Properties"/>
            <output path="Properties"/>
        </move>
        <move>
            <input path="DeterminarAdeudoResponse/resultadoDeterminarAdeudos/resultadoDeterminarAdeudo/determinarAdeudo/tramite/tipoTramite"/>
            <output path="determinarAdeudoResponse/response/determinarAdeudo/tramite/tipoTramite"/>
        </move>
        <move>
            <input path="DeterminarAdeudoResponse/resultadoDeterminarAdeudos/resultadoDeterminarAdeudo/determinarAdeudo/tramite/estado"/>
            <output path="determinarAdeudoResponse/response/determinarAdeudo/tramite/estado"/>
        </move>
        <move>
            <input path="DeterminarAdeudoResponse/resultadoDeterminarAdeudos/resultadoDeterminarAdeudo/determinarAdeudo/tramite/cac/identificador"/>
            <output path="determinarAdeudoResponse/response/determinarAdeudo/tramite/cac/identificador"/>
        </move>
        <move>
            <input path="DeterminarAdeudoResponse/resultadoDeterminarAdeudos/resultadoDeterminarAdeudo/determinarAdeudo/tramite/cac/region"/>
            <output path="determinarAdeudoResponse/response/determinarAdeudo/tramite/cac/region"/>
        </move>
        <move>
            <input path="DeterminarAdeudoResponse/resultadoDeterminarAdeudos/resultadoDeterminarAdeudo/determinarAdeudo/tramite/aclaracionSaldos/tipoTramite"/>
            <output path="determinarAdeudoResponse/response/determinarAdeudo/tramite/aclaracionSaldos/tipoTramite"/>
        </move>
        <move>
            <input path="DeterminarAdeudoResponse/resultadoDeterminarAdeudos/resultadoDeterminarAdeudo/determinarAdeudo/tramite/aclaracionSaldos/estado"/>
            <output path="determinarAdeudoResponse/response/determinarAdeudo/tramite/aclaracionSaldos/estado"/>
        </move>
        <move>
            <input path="DeterminarAdeudoResponse/resultadoDeterminarAdeudos/resultadoDeterminarAdeudo/determinarAdeudo/tramite/aclaracionSaldos/escenario"/>
            <output path="determinarAdeudoResponse/response/determinarAdeudo/tramite/aclaracionSaldos/escenario"/>
        </move>
        <move>
            <input path="DeterminarAdeudoResponse/resultadoDeterminarAdeudos/resultadoDeterminarAdeudo/determinarAdeudo/tramite/asesor/perfil/perfilPac"/>
            <output path="determinarAdeudoResponse/response/determinarAdeudo/tramite/asesor/perfil/perfilPac"/>
        </move>
        <move>
            <input path="DeterminarAdeudoResponse/resultadoDeterminarAdeudos/resultadoDeterminarAdeudo/determinarAdeudo/tramite/asesor/perfil/habilitado"/>
            <output path="determinarAdeudoResponse/response/determinarAdeudo/tramite/asesor/perfil/habilitado"/>
        </move>
        <move>
            <input path="DeterminarAdeudoResponse/resultadoDeterminarAdeudos/resultadoDeterminarAdeudo/determinarAdeudo/tramite/asesor/perfil/region"/>
            <output path="determinarAdeudoResponse/response/determinarAdeudo/tramite/asesor/perfil/regiones/region"/>
        </move>
        <move>
            <input path="DeterminarAdeudoResponse/resultadoDeterminarAdeudos/resultadoDeterminarAdeudo/determinarAdeudo/tramite/asesor/perfil/nivelAcceso"/>
            <output path="determinarAdeudoResponse/response/determinarAdeudo/tramite/asesor/perfil/nivelAcceso"/>
        </move>
        <move>
            <input path="DeterminarAdeudoResponse/resultadoDeterminarAdeudos/resultadoDeterminarAdeudo/determinarAdeudo/tramite/asesor/perfil/flujoNegocio"/>
            <output path="determinarAdeudoResponse/response/determinarAdeudo/tramite/asesor/perfil/flujoNegocio"/>
        </move>
        <move>
            <input path="DeterminarAdeudoResponse/resultadoDeterminarAdeudos/resultadoDeterminarAdeudo/determinarAdeudo/cobranza/estatus"/>
            <output path="determinarAdeudoResponse/response/determinarAdeudo/cobranza/estatus"/>
        </move>
        <move>
            <input path="DeterminarAdeudoResponse/resultadoDeterminarAdeudos/resultadoDeterminarAdeudo/determinarAdeudo/cobranza/accion"/>
            <output path="determinarAdeudoResponse/response/determinarAdeudo/cobranza/accion"/>
        </move>
        <move>
            <input path="DeterminarAdeudoResponse/resultadoDeterminarAdeudos/resultadoDeterminarAdeudo/determinarAdeudo/cobranza/motivo"/>
            <output path="determinarAdeudoResponse/response/determinarAdeudo/cobranza/motivo"/>
        </move>
        <move>
            <input path="DeterminarAdeudoResponse/resultadoDeterminarAdeudos/resultadoDeterminarAdeudo/determinarAdeudo/cuenta/estatus"/>
            <output path="determinarAdeudoResponse/response/determinarAdeudo/cuenta/estatus"/>
        </move>
        <move>
            <input path="DeterminarAdeudoResponse/resultadoDeterminarAdeudos/resultadoDeterminarAdeudo/determinarAdeudo/cuenta/telefono/numero"/>
            <output path="determinarAdeudoResponse/response/determinarAdeudo/cuenta/telefono/numero"/>
        </move>
        <move>
            <input path="DeterminarAdeudoResponse/resultadoDeterminarAdeudos/resultadoDeterminarAdeudo/determinarAdeudo/cuenta/telefono/region"/>
            <output path="determinarAdeudoResponse/response/determinarAdeudo/cuenta/telefono/region"/>
        </move>
        <move>
            <input path="DeterminarAdeudoResponse/resultadoDeterminarAdeudos/resultadoDeterminarAdeudo/determinarAdeudo/cuenta/telefono/estatus"/>
            <output path="determinarAdeudoResponse/response/determinarAdeudo/cuenta/telefono/estatus"/>
        </move>
        <function ref="fn:number">
            <input path="DeterminarAdeudoResponse/resultadoDeterminarAdeudos/resultadoDeterminarAdeudo/determinarAdeudo/cuenta/limiteCredito" var="limiteCredito"/>
            <output path="determinarAdeudoResponse/response/determinarAdeudo/cuenta/limiteCredito"/>
            <param name="arg" value="$limiteCredito"/>
        </function>
        <move>
            <input path="DeterminarAdeudoResponse/resultadoDeterminarAdeudos/resultadoDeterminarAdeudo/determinarAdeudo/cuenta/tipoSaldoExistente"/>
            <output path="determinarAdeudoResponse/response/determinarAdeudo/cuenta/tipoSaldoExistente"/>
        </move>
        <function ref="fn:number">
            <input path="DeterminarAdeudoResponse/resultadoDeterminarAdeudos/resultadoDeterminarAdeudo/determinarAdeudo/cuenta/porcentajeCredito" var="porcentajeCredito"/>
            <output path="determinarAdeudoResponse/response/determinarAdeudo/cuenta/porcentajeCredito"/>
            <param name="arg" value="$porcentajeCredito"/>
        </function>
        <function ref="fn:number">
            <input path="DeterminarAdeudoResponse/resultadoDeterminarAdeudos/resultadoDeterminarAdeudo/determinarAdeudo/cuenta/cargoPendienteFacturar" var="cargoPendienteFacturar"/>
            <output path="determinarAdeudoResponse/response/determinarAdeudo/cuenta/cargoPendienteFacturar"/>
            <param name="arg" value="$cargoPendienteFacturar"/>
        </function>
        <function ref="fn:number">
            <input path="DeterminarAdeudoResponse/resultadoDeterminarAdeudos/resultadoDeterminarAdeudo/determinarAdeudo/cuenta/saldoMes" var="saldoMes"/>
            <output path="determinarAdeudoResponse/response/determinarAdeudo/cuenta/saldoMes"/>
            <param name="arg" value="$saldoMes"/>
        </function>
        <function ref="fn:number">
            <input path="DeterminarAdeudoResponse/resultadoDeterminarAdeudos/resultadoDeterminarAdeudo/determinarAdeudo/cuenta/saldoActual" var="saldoActual"/>
            <output path="determinarAdeudoResponse/response/determinarAdeudo/cuenta/saldoActual"/>
            <param name="arg" value="$saldoActual"/>
        </function>
        <function ref="fn:number">
            <input path="DeterminarAdeudoResponse/resultadoDeterminarAdeudos/resultadoDeterminarAdeudo/determinarAdeudo/cuenta/saldoEstimado" var="saldoEstimado"/>
            <output path="determinarAdeudoResponse/response/determinarAdeudo/cuenta/saldoEstimado"/>
            <param name="arg" value="$saldoEstimado"/>
        </function>
        <function ref="fn:number">
            <input path="DeterminarAdeudoResponse/resultadoDeterminarAdeudos/resultadoDeterminarAdeudo/determinarAdeudo/cuenta/saldoPendienteFacturar" var="saldoPendienteFacturar"/>
            <output path="determinarAdeudoResponse/response/determinarAdeudo/cuenta/saldoPendienteFacturar"/>
            <param name="arg" value="$saldoPendienteFacturar"/>
        </function>
        <function ref="fn:number">
            <input path="DeterminarAdeudoResponse/resultadoDeterminarAdeudos/resultadoDeterminarAdeudo/determinarAdeudo/cuenta/saldoFacturadoNoVencido" var="saldoFacturadoNoVencido"/>
            <output path="determinarAdeudoResponse/response/determinarAdeudo/cuenta/saldoFacturadoNoVencido"/>
            <param name="arg" value="$saldoFacturadoNoVencido"/>
        </function>
        <function ref="fn:number">
            <input path="DeterminarAdeudoResponse/resultadoDeterminarAdeudos/resultadoDeterminarAdeudo/determinarAdeudo/cuenta/saldoFacturadoVencido" var="saldoFacturadoVencido"/>
            <output path="determinarAdeudoResponse/response/determinarAdeudo/cuenta/saldoFacturadoVencido"/>
            <param name="arg" value="$saldoFacturadoVencido"/>
        </function>
        <function ref="fn:number">
            <input path="DeterminarAdeudoResponse/resultadoDeterminarAdeudos/resultadoDeterminarAdeudo/determinarAdeudo/factura/montoMinimoPagar" var="montoMinimoPagar"/>
            <output path="determinarAdeudoResponse/response/determinarAdeudo/factura/montoMinimoPagar"/>
            <param name="arg" value="$montoMinimoPagar"/>
        </function>
        <move>
            <input path="DeterminarAdeudoResponse/resultadoDeterminarAdeudos/resultadoDeterminarAdeudo/determinarAdeudo/factura/fechaLimitePago"/>
            <output path="determinarAdeudoResponse/response/determinarAdeudo/factura/fechaLimitePago"/>
        </move>
        <move>
            <input path="DeterminarAdeudoResponse/resultadoDeterminarAdeudos/resultadoDeterminarAdeudo/determinarAdeudo/factura/variableFechaLimitePago"/>
            <output path="determinarAdeudoResponse/response/determinarAdeudo/factura/variableFechaLimitePago"/>
        </move>
        <move>
            <input path="DeterminarAdeudoResponse/resultadoDeterminarAdeudos/resultadoDeterminarAdeudo/requirePagar"/>
            <output path="determinarAdeudoResponse/response/requirePagar"/>
        </move>
        <move>
            <input path="DeterminarAdeudoResponse/resultadoDeterminarAdeudos/resultadoDeterminarAdeudo/requiereAutorizacion"/>
            <output path="determinarAdeudoResponse/response/requiereAutorizacion"/>
        </move>
        <move>
            <input path="DeterminarAdeudoResponse/resultadoDeterminarAdeudos/resultadoDeterminarAdeudo/comentario"/>
            <output path="determinarAdeudoResponse/response/comentario"/>
        </move>
        <move>
            <input path="DeterminarAdeudoResponse/DecisionID"/>
            <output path="determinarAdeudoResponse/response/DecisionID"/>
        </move>
    </mappingDeclaration>
</mappingRoot>