<?xml version="1.0" encoding="UTF-8"?><mappingRoot domainID="com.ibm.msl.mapping.xml" domainIDExtension="mb" mainMap="true" targetNamespace="default" version="7.5.0" xmlns="http://www.ibm.com/2008/ccl/Mapping" xmlns:map="default">
    <input path="/DeterminarPrevalidacion_InlineSchema16.xsd"/>
    <output path="/reglas/GestionTramitesReglas.xsd"/>
    <generation availableEngines="xquery" engine="xquery"/>
    <mappingDeclaration name="DeterminarPrevalidacionResponseRegla_DeterminarPrevalidacionResponseFlow">
        <input namespace="http://www.ibm.com/rules/decisionservice/D16_GestorTramitesRuleAPP/PrevalidacionCliente" path="mb:msg(PrevalidacionClienteResponse,assembly,,Properties)"/>
        <output namespace="http://www.telcel.com.mx/gestiontramites/wmb/reglas/schema" path="mb:msg(determinarPrevalidacionResponse,assembly,XMLNSC,Properties)"/>
        <move>
            <input path="Properties"/>
            <output path="Properties"/>
        </move>
        <move>
            <input path="PrevalidacionClienteResponse/resultadoPrevalidacion/resultadoPreValidacion/requierePrevalidacion"/>
            <output path="determinarPrevalidacionResponse/response/requierePrevalidacion"/>
        </move>
        <move>
            <input path="PrevalidacionClienteResponse/resultadoPrevalidacion/resultadoPreValidacion/comentario"/>
            <output path="determinarPrevalidacionResponse/response/comentario"/>
        </move>
    </mappingDeclaration>
</mappingRoot>