<?xml version="1.0" encoding="UTF-8"?><mappingRoot domainID="com.ibm.msl.mapping.xml" domainIDExtension="mb" mainMap="true" targetNamespace="default" version="7.5.0" xmlns="http://www.ibm.com/2008/ccl/Mapping" xmlns:map="default">
    <input path="/reglas/GestionTramitesReglas.xsd"/>
    <output path="/DeterminarAdeudo_InlineSchema17.xsd"/>
    <generation availableEngines="xquery" engine="xquery"/>
    <mappingDeclaration name="DeterminarAdeudoRequestFlow_DeterminarAdeudoRequestRegla">
        <input namespace="http://www.telcel.com.mx/gestiontramites/wmb/reglas/schema" path="mb:msg(determinarAdeudoRequest,assembly,,Properties)"/>
        <output namespace="http://www.ibm.com/rules/decisionservice/D16_GestorTramitesRuleAPP/DeterminarAdeudo" path="mb:msg(DeterminarAdeudoRequest,assembly,XMLNSC,Properties)"/>
        <move>
            <input path="Properties"/>
            <output path="Properties"/>
        </move>
        <move>
            <input path="determinarAdeudoRequest/request/determinarAdeudo/tramite/tipoTramite"/>
            <output path="DeterminarAdeudoRequest/peticionDeterminarAdeudos/peticionDeterminarAdeudo/determinarAdeudo/tramite/tipoTramite"/>
        </move>
        <move>
            <input path="determinarAdeudoRequest/request/determinarAdeudo/tramite/estado"/>
            <output path="DeterminarAdeudoRequest/peticionDeterminarAdeudos/peticionDeterminarAdeudo/determinarAdeudo/tramite/estado"/>
        </move>
        <move>
            <input path="determinarAdeudoRequest/request/determinarAdeudo/tramite/cac/identificador"/>
            <output path="DeterminarAdeudoRequest/peticionDeterminarAdeudos/peticionDeterminarAdeudo/determinarAdeudo/tramite/cac/identificador"/>
        </move>
        <move>
            <input path="determinarAdeudoRequest/request/determinarAdeudo/tramite/cac/region"/>
            <output path="DeterminarAdeudoRequest/peticionDeterminarAdeudos/peticionDeterminarAdeudo/determinarAdeudo/tramite/cac/region"/>
        </move>
        <move>
            <input path="determinarAdeudoRequest/request/determinarAdeudo/tramite/aclaracionSaldos/tipoTramite"/>
            <output path="DeterminarAdeudoRequest/peticionDeterminarAdeudos/peticionDeterminarAdeudo/determinarAdeudo/tramite/aclaracionSaldos/tipoTramite"/>
        </move>
        <move>
            <input path="determinarAdeudoRequest/request/determinarAdeudo/tramite/aclaracionSaldos/estado"/>
            <output path="DeterminarAdeudoRequest/peticionDeterminarAdeudos/peticionDeterminarAdeudo/determinarAdeudo/tramite/aclaracionSaldos/estado"/>
        </move>
        <move>
            <input path="determinarAdeudoRequest/request/determinarAdeudo/tramite/aclaracionSaldos/escenario"/>
            <output path="DeterminarAdeudoRequest/peticionDeterminarAdeudos/peticionDeterminarAdeudo/determinarAdeudo/tramite/aclaracionSaldos/escenario"/>
        </move>
        <move>
            <input path="determinarAdeudoRequest/request/determinarAdeudo/tramite/asesor/perfil/perfilPac"/>
            <output path="DeterminarAdeudoRequest/peticionDeterminarAdeudos/peticionDeterminarAdeudo/determinarAdeudo/tramite/asesor/perfil/perfilPac"/>
        </move>
        <move>
            <input path="determinarAdeudoRequest/request/determinarAdeudo/tramite/asesor/perfil/habilitado"/>
            <output path="DeterminarAdeudoRequest/peticionDeterminarAdeudos/peticionDeterminarAdeudo/determinarAdeudo/tramite/asesor/perfil/habilitado"/>
        </move>
        <move>
            <input path="determinarAdeudoRequest/request/determinarAdeudo/tramite/asesor/perfil/regiones/region"/>
            <output path="DeterminarAdeudoRequest/peticionDeterminarAdeudos/peticionDeterminarAdeudo/determinarAdeudo/tramite/asesor/perfil/region"/>
        </move>
        <move>
            <input path="determinarAdeudoRequest/request/determinarAdeudo/tramite/asesor/perfil/nivelAcceso"/>
            <output path="DeterminarAdeudoRequest/peticionDeterminarAdeudos/peticionDeterminarAdeudo/determinarAdeudo/tramite/asesor/perfil/nivelAcceso"/>
        </move>
        <move>
            <input path="determinarAdeudoRequest/request/determinarAdeudo/tramite/asesor/perfil/flujoNegocio"/>
            <output path="DeterminarAdeudoRequest/peticionDeterminarAdeudos/peticionDeterminarAdeudo/determinarAdeudo/tramite/asesor/perfil/flujoNegocio"/>
        </move>
        <move>
            <input path="determinarAdeudoRequest/request/determinarAdeudo/cobranza/estatus"/>
            <output path="DeterminarAdeudoRequest/peticionDeterminarAdeudos/peticionDeterminarAdeudo/determinarAdeudo/cobranza/estatus"/>
        </move>
        <move>
            <input path="determinarAdeudoRequest/request/determinarAdeudo/cobranza/accion"/>
            <output path="DeterminarAdeudoRequest/peticionDeterminarAdeudos/peticionDeterminarAdeudo/determinarAdeudo/cobranza/accion"/>
        </move>
        <move>
            <input path="determinarAdeudoRequest/request/determinarAdeudo/cobranza/motivo"/>
            <output path="DeterminarAdeudoRequest/peticionDeterminarAdeudos/peticionDeterminarAdeudo/determinarAdeudo/cobranza/motivo"/>
        </move>
        <move>
            <input path="determinarAdeudoRequest/request/determinarAdeudo/cuenta/estatus"/>
            <output path="DeterminarAdeudoRequest/peticionDeterminarAdeudos/peticionDeterminarAdeudo/determinarAdeudo/cuenta/estatus"/>
        </move>
        <move>
            <input path="determinarAdeudoRequest/request/determinarAdeudo/cuenta/telefono/numero"/>
            <output path="DeterminarAdeudoRequest/peticionDeterminarAdeudos/peticionDeterminarAdeudo/determinarAdeudo/cuenta/telefono/numero"/>
        </move>
        <move>
            <input path="determinarAdeudoRequest/request/determinarAdeudo/cuenta/telefono/region"/>
            <output path="DeterminarAdeudoRequest/peticionDeterminarAdeudos/peticionDeterminarAdeudo/determinarAdeudo/cuenta/telefono/region"/>
        </move>
        <move>
            <input path="determinarAdeudoRequest/request/determinarAdeudo/cuenta/telefono/estatus"/>
            <output path="DeterminarAdeudoRequest/peticionDeterminarAdeudos/peticionDeterminarAdeudo/determinarAdeudo/cuenta/telefono/estatus"/>
        </move>
        <move>
            <input path="determinarAdeudoRequest/request/determinarAdeudo/cuenta/limiteCredito"/>
            <output path="DeterminarAdeudoRequest/peticionDeterminarAdeudos/peticionDeterminarAdeudo/determinarAdeudo/cuenta/limiteCredito"/>
        </move>
        <move>
            <input path="determinarAdeudoRequest/request/determinarAdeudo/cuenta/tipoSaldoExistente"/>
            <output path="DeterminarAdeudoRequest/peticionDeterminarAdeudos/peticionDeterminarAdeudo/determinarAdeudo/cuenta/tipoSaldoExistente"/>
        </move>
        <move>
            <input path="determinarAdeudoRequest/request/determinarAdeudo/cuenta/porcentajeCredito"/>
            <output path="DeterminarAdeudoRequest/peticionDeterminarAdeudos/peticionDeterminarAdeudo/determinarAdeudo/cuenta/porcentajeCredito"/>
        </move>
        <move>
            <input path="determinarAdeudoRequest/request/determinarAdeudo/cuenta/cargoPendienteFacturar"/>
            <output path="DeterminarAdeudoRequest/peticionDeterminarAdeudos/peticionDeterminarAdeudo/determinarAdeudo/cuenta/cargoPendienteFacturar"/>
        </move>
        <move>
            <input path="determinarAdeudoRequest/request/determinarAdeudo/cuenta/saldoMes"/>
            <output path="DeterminarAdeudoRequest/peticionDeterminarAdeudos/peticionDeterminarAdeudo/determinarAdeudo/cuenta/saldoMes"/>
        </move>
        <move>
            <input path="determinarAdeudoRequest/request/determinarAdeudo/cuenta/saldoActual"/>
            <output path="DeterminarAdeudoRequest/peticionDeterminarAdeudos/peticionDeterminarAdeudo/determinarAdeudo/cuenta/saldoActual"/>
        </move>
        <move>
            <input path="determinarAdeudoRequest/request/determinarAdeudo/cuenta/saldoEstimado"/>
            <output path="DeterminarAdeudoRequest/peticionDeterminarAdeudos/peticionDeterminarAdeudo/determinarAdeudo/cuenta/saldoEstimado"/>
        </move>
        <move>
            <input path="determinarAdeudoRequest/request/determinarAdeudo/cuenta/saldoPendienteFacturar"/>
            <output path="DeterminarAdeudoRequest/peticionDeterminarAdeudos/peticionDeterminarAdeudo/determinarAdeudo/cuenta/saldoPendienteFacturar"/>
        </move>
        <move>
            <input path="determinarAdeudoRequest/request/determinarAdeudo/cuenta/saldoFacturadoNoVencido"/>
            <output path="DeterminarAdeudoRequest/peticionDeterminarAdeudos/peticionDeterminarAdeudo/determinarAdeudo/cuenta/saldoFacturadoNoVencido"/>
        </move>
        <move>
            <input path="determinarAdeudoRequest/request/determinarAdeudo/cuenta/saldoFacturadoVencido"/>
            <output path="DeterminarAdeudoRequest/peticionDeterminarAdeudos/peticionDeterminarAdeudo/determinarAdeudo/cuenta/saldoFacturadoVencido"/>
        </move>
        <move>
            <input path="determinarAdeudoRequest/request/determinarAdeudo/factura/montoMinimoPagar"/>
            <output path="DeterminarAdeudoRequest/peticionDeterminarAdeudos/peticionDeterminarAdeudo/determinarAdeudo/factura/montoMinimoPagar"/>
        </move>
        <move>
            <input path="determinarAdeudoRequest/request/determinarAdeudo/factura/fechaLimitePago"/>
            <output path="DeterminarAdeudoRequest/peticionDeterminarAdeudos/peticionDeterminarAdeudo/determinarAdeudo/factura/fechaLimitePago"/>
        </move>
        <move>
            <input path="determinarAdeudoRequest/request/determinarAdeudo/factura/variableFechaLimitePago"/>
            <output path="DeterminarAdeudoRequest/peticionDeterminarAdeudos/peticionDeterminarAdeudo/determinarAdeudo/factura/variableFechaLimitePago"/>
        </move>
    </mappingDeclaration>
</mappingRoot>