<?xml version="1.0" encoding="UTF-8"?><mappingRoot domainID="com.ibm.msl.mapping.xml" domainIDExtension="mb" mainMap="true" targetNamespace="default" version="7.5.0" xmlns="http://www.ibm.com/2008/ccl/Mapping" xmlns:map="default">
    <input path="/investigacion/GestionTramitesInvestigacion.xsd"/>
    <output path="/m2k/wmb/m2k_retc2_c.xsd"/>
    <generation availableEngines="xquery" engine="xquery"/>
    <mappingDeclaration name="ConsultarEncabezadoReq_Retc2CReq">
        <input namespace="http://www.telcel.com.mx/gestiontramites/wmb/investigacion/schema" path="mb:msg(consultarEncabezadoRequest,assembly,,Properties)"/>
        <output namespace="http://www.telcel.com.mx/m2k/retc2/c" path="mb:msg(Request,assembly,XMLNSC,Properties)"/>
        <move>
            <input path="Properties"/>
            <output path="Properties"/>
        </move>
        <assign value="09">
            <output path="Request/inputParameters/servicio/p02cuenta/@longitud"/>
        </assign>
        <assign value="10">
            <output path="Request/inputParameters/servicio/p01telefono/@longitud"/>
        </assign>
        <assign value="C">
            <output path="Request/action"/>
        </assign>
        <move>
            <input path="consultarEncabezadoRequest/request/usuarioM2K"/>
            <output path="Request/user"/>
        </move>
        <move>
            <input path="consultarEncabezadoRequest/request/telefono"/>
            <output path="Request/inputParameters/servicio/p01telefono/text()"/>
        </move>
        <convert defaultValue="0">
            <input path="consultarEncabezadoRequest/request/region"/>
            <output path="Request/region"/>
        </convert>
        <assign value="I*1E">
            <output path="Request/function"/>
        </assign>
    </mappingDeclaration>
</mappingRoot>