<?xml version="1.0" encoding="UTF-8"?><mappingRoot domainID="com.ibm.msl.mapping.xml" domainIDExtension="mb" mainMap="true" targetNamespace="default" version="7.5.0" xmlns="http://www.ibm.com/2008/ccl/Mapping" xmlns:map="default">
    <input path="/m2k.xsd"/>
    <output path="/comun/GestionTramitesComun.xsd"/>
    <generation availableEngines="xquery" engine="xquery"/>
    <mappingDeclaration name="RespuestaError_GestionTramitesWMBException1">
        <input namespace="http://www.telcel.com.mx/m2k" path="mb:msg(RespuestaError,assembly,XMLNSC,Properties)"/>
        <output namespace="http://www.telcel.com.mx/gestiontramites/wmb/comun/schema" path="mb:msg(gestionTramitesWMBException,assembly,XMLNSC,Properties)"/>
        <move>
            <input path="Properties"/>
            <output path="Properties"/>
        </move>
        <move>
            <input path="RespuestaError/MENSAJE"/>
            <output path="gestionTramitesWMBException/errores/error/descripcion"/>
        </move>
        <move>
            <input path="RespuestaError/PROGRAMA"/>
            <output path="gestionTramitesWMBException/errores/error/servicioOrigen"/>
        </move>
    </mappingDeclaration>
</mappingRoot>