<?xml version="1.0" encoding="UTF-8"?><mappingRoot domainID="com.ibm.msl.mapping.xml" domainIDExtension="mb" mainMap="true" targetNamespace="AddressBook" version="8.0.3.0" xmlns="http://www.ibm.com/2008/ccl/Mapping" xmlns:map="AddressBook">
    <input path="jar:file://!com/ibm/etools/mft/map/xsds/predefined/SOAPDomainMsg.xsd" var="var"/>
    <input path="/AddressBook_InlineSchema1.xsd" var="var1"/>
    <output path="jar:file://!com/ibm/etools/mft/map/xsds/predefined/SOAPDomainMsg.xsd"/>
    <generation engine="xquery"/>
    <mappingDeclaration name="SaveAddress">
        <input path="$var/mb:msg(SOAP_Domain_Msg,assembly,SOAP,Properties)">
            <cast path="SOAP_Domain_Msg/Body/any" qualifier="{http://AddressBook}SaveAddress"/>
        </input>
        <output path="mb:msg(SOAP_Domain_Msg,assembly,SOAP,Properties)">
            <cast path="SOAP_Domain_Msg/Body/any" qualifier="{http://AddressBook}SaveAddressResponse"/>
        </output>
        <move>
            <input path="Properties"/>
            <output path="Properties"/>
        </move>
        <task type="todo">
            <documentation description="Placeholder - a following scenario will demonstrate how to insert data in a database table"/>
            <input path="SOAP_Domain_Msg"/>
        </task>
        <assign value="false">
            <output path="SOAP_Domain_Msg/Body/SaveAddressResponse/SaveAddressResponse"/>
        </assign>
    </mappingDeclaration>
</mappingRoot>