<?xml version="1.0" encoding="UTF-8"?><mappingRoot domainID="com.ibm.msl.mapping.xml" domainIDExtension="mb" mainMap="true" targetNamespace="planesYservicios" version="7.5.0" xmlns="http://www.ibm.com/2008/ccl/Mapping" xmlns:map="planesYservicios">
    <input path="/m2k/wmb/m2k_igtoc50_c.xsd"/>
    <output path="/investigacion/GestionTramitesInvestigacion.xsd"/>
    <generation availableEngines="xquery" engine="xquery"/>
    <mappingDeclaration name="Igtoc50CResponse_ConsultarDetalleProductoResponse">
        <input namespace="http://www.telcel.com.mx/di/sds/m2k/activaciones/igtoc50/c" path="mb:msg(RespuestaOK,assembly,,LocalEnvironment,Properties)"/>
        <output namespace="http://www.telcel.com.mx/di/sds/servicioaclientes/gestiontramites/wmb/investigacion/schema" path="mb:msg(consultarDetalleProductoResponse,assembly,XMLNSC,LocalEnvironment,Properties)"/>
        <move>
            <input path="Properties"/>
            <output path="Properties"/>
        </move>
        <move>
            <input path="RespuestaOK/ClaveProdto"/>
            <output path="consultarDetalleProductoResponse/response/detalleProducto/claveProducto"/>
        </move>
        <move>
            <input path="RespuestaOK/DescProdto"/>
            <output path="consultarDetalleProductoResponse/response/detalleProducto/descripcionProducto"/>
        </move>
        <move>
            <input path="RespuestaOK/CostoProdto"/>
            <output path="consultarDetalleProductoResponse/response/detalleProducto/costoProducto"/>
        </move>
        <move>
            <input path="RespuestaOK/Idgrp"/>
            <output path="consultarDetalleProductoResponse/response/detalleProducto/claveGrupo"/>
        </move>
        <move>
            <input path="RespuestaOK/Uni"/>
            <output path="consultarDetalleProductoResponse/response/detalleProducto/unidad"/>
        </move>
        <move>
            <input path="LocalEnvironment"/>
            <output path="LocalEnvironment"/>
        </move>
    </mappingDeclaration>
</mappingRoot>